Reusing configuration cache.
> Task :app:preBuild UP-TO-DATE
> Task :app:checkKotlinGradlePluginConfigurationErrors SKIPPED
> Task :app:preDebugBuild UP-TO-DATE
> Task :app:generateDebugBuildConfig UP-TO-DATE
> Task :app:processDebugGoogleServices UP-TO-DATE
> Task :app:generateDebugResValues UP-TO-DATE
> Task :app:createDebugCompatibleScreenManifests UP-TO-DATE
> Task :app:generateDebugResources UP-TO-DATE
> Task :app:extractDeepLinksDebug UP-TO-DATE
> Task :app:packageDebugResources UP-TO-DATE
> Task :app:mapDebugSourceSetPaths UP-TO-DATE
> Task :app:mergeDebugResources UP-TO-DATE
> Task :app:checkDebugAarMetadata UP-TO-DATE
> Task :app:processDebugNavigationResources UP-TO-DATE
> Task :app:compileDebugNavigationResources UP-TO-DATE
> Task :app:parseDebugLocalResources UP-TO-DATE
> Task :app:processDebugMainManifest UP-TO-DATE
> Task :app:processDebugManifest UP-TO-DATE
> Task :app:processDebugManifestForPackage UP-TO-DATE
> Task :app:processDebugResources UP-TO-DATE
> Task :app:kspDebugKotlin UP-TO-DATE

> Task :app:compileDebugKotlin FAILED
e: file:///D:/AndroidStudioProjects/DACN_1/FinFit/app/src/main/java/com/example/finfit/health/ui/HealthNavGraph.kt:13:9 Unresolved reference 'HealthDashboardScreen'.
e: file:///D:/AndroidStudioProjects/DACN_1/FinFit/app/src/main/java/com/example/finfit/health/ui/HealthNavGraph.kt:15:28 Cannot infer type for this parameter. Please specify it explicitly.
e: file:///D:/AndroidStudioProjects/DACN_1/FinFit/app/src/main/java/com/example/finfit/health/ui/HealthNavGraph.kt:21:9 Unresolved reference 'StepCounterScreen'.
e: file:///D:/AndroidStudioProjects/DACN_1/FinFit/app/src/main/java/com/example/finfit/health/ui/HealthNavGraph.kt:24:9 Unresolved reference 'WaterTrackerScreen'.
e: file:///D:/AndroidStudioProjects/DACN_1/FinFit/app/src/main/java/com/example/finfit/health/ui/HealthNavGraph.kt:27:9 Unresolved reference 'FoodScannerScreen'.
e: file:///D:/AndroidStudioProjects/DACN_1/FinFit/app/src/main/java/com/example/finfit/health/ui/HealthNavGraph.kt:30:36 Cannot infer type for this parameter. Please specify it explicitly.
e: file:///D:/AndroidStudioProjects/DACN_1/FinFit/app/src/main/java/com/example/finfit/health/ui/HealthNavGraph.kt:37:9 Unresolved reference 'FoodCameraScreen'.
e: file:///D:/AndroidStudioProjects/DACN_1/FinFit/app/src/main/java/com/example/finfit/health/ui/HealthNavGraph.kt:40:27 Cannot infer type for this parameter. Please specify it explicitly.
e: file:///D:/AndroidStudioProjects/DACN_1/FinFit/app/src/main/java/com/example/finfit/health/ui/HealthNavGraph.kt:50:9 Unresolved reference 'HealthPredictionScreen'.
e: file:///D:/AndroidStudioProjects/DACN_1/FinFit/app/src/main/java/com/example/finfit/health/ui/HealthNavGraph.kt:53:9 Unresolved reference 'HealthLogScreen'.
e: file:///D:/AndroidStudioProjects/DACN_1/FinFit/app/src/main/java/com/example/finfit/health/ui/HealthNavGraph.kt:56:9 Unresolved reference 'SleepScheduleScreen'.

FAILURE: Build failed with an exception.

* What went wrong:
Execution failed for task ':app:compileDebugKotlin'.
> A failure occurred while executing org.jetbrains.kotlin.compilerRunner.GradleCompilerRunnerWithWorkers$GradleKotlinCompilerWorkAction
   > Compilation error. See log for more details

* Try:
> Run with --stacktrace option to get the stack trace.
> Run with --info or --debug option to get more log output.
> Run with --scan to get full insights.
> Get more help at https://help.gradle.org.

BUILD FAILED in 7s
19 actionable tasks: 1 executed, 18 up-to-date
Configuration cache entry reused.
