#
# There is insufficient memory for the Java Runtime Environment to continue.
# Native memory allocation (malloc) failed to allocate 1895856 bytes for Chunk::new
# Possible reasons:
#   The system is out of physical RAM or swap space
#   The process is running with CompressedOops enabled, and the Java Heap may be blocking the growth of the native heap
# Possible solutions:
#   Reduce memory load on the system
#   Increase physical memory or swap space
#   Check if swap backing store is full
#   Decrease Java heap size (-Xmx/-Xms)
#   Decrease number of Java threads
#   Decrease Java thread stack sizes (-Xss)
#   Set larger code cache with -XX:ReservedCodeCacheSize=
#   JVM is running with Zero Based Compressed Oops mode in which the Java heap is
#     placed in the first 32GB address space. The Java Heap base address is the
#     maximum limit for the native heap growth. Please use -XX:HeapBaseMinAddress
#     to set the Java Heap base and to place the Java Heap above 32GB virtual address.
# This output file may be truncated or incomplete.
#
#  Out of Memory Error (arena.cpp:168), pid=8476, tid=17372
#
# JRE version: Java(TM) SE Runtime Environment (21.0.1+12) (build 21.0.1+12-LTS-29)
# Java VM: Java HotSpot(TM) 64-Bit Server VM (21.0.1+12-LTS-29, mixed mode, sharing, tiered, compressed oops, compressed class ptrs, g1 gc, windows-amd64)
# No core dump will be written. Minidumps are not enabled by default on client versions of Windows
#

---------------  S U M M A R Y ------------

Command Line: --add-opens=java.base/java.lang=ALL-UNNAMED --add-opens=java.base/java.lang.invoke=ALL-UNNAMED --add-opens=java.base/java.util=ALL-UNNAMED --add-opens=java.prefs/java.util.prefs=ALL-UNNAMED --add-exports=jdk.compiler/com.sun.tools.javac.api=ALL-UNNAMED --add-exports=jdk.compiler/com.sun.tools.javac.util=ALL-UNNAMED --add-opens=java.base/java.util=ALL-UNNAMED --add-opens=java.prefs/java.util.prefs=ALL-UNNAMED --add-opens=java.base/java.nio.charset=ALL-UNNAMED --add-opens=java.base/java.net=ALL-UNNAMED --add-opens=java.base/java.util.concurrent.atomic=ALL-UNNAMED --add-opens=java.xml/javax.xml.namespace=ALL-UNNAMED -XX:MaxMetaspaceSize=1024m -Xmx4096m -Dfile.encoding=UTF-8 -Duser.country=US -Duser.language=en -Duser.variant -javaagent:C:\Users\ADMIN\.gradle\wrapper\dists\gradle-8.13-bin\5xuhj0ry160q40clulazy9h7d\gradle-8.13\lib\agents\gradle-instrumentation-agent-8.13.jar org.gradle.launcher.daemon.bootstrap.GradleDaemon 8.13

Host: 13th Gen Intel(R) Core(TM) i5-13500H, 16 cores, 15G,  Windows 11 , 64 bit Build 26100 (10.0.26100.7920)
Time: Mon Mar 30 00:40:52 2026 SE Asia Standard Time elapsed time: 5.803239 seconds (0d 0h 0m 5s)

---------------  T H R E A D  ---------------

Current thread (0x00000279bf56d680):  JavaThread "C2 CompilerThread1" daemon [_thread_in_native, id=17372, stack(0x000000a900500000,0x000000a900600000) (1024K)]


Current CompileTask:
C2:   5803 2804   !   4       java.lang.ClassLoader::loadClass (121 bytes)

Stack: [0x000000a900500000,0x000000a900600000]
Native frames: (J=compiled Java code, j=interpreted, Vv=VM code, C=native code)
V  [jvm.dll+0x6c9029]
V  [jvm.dll+0x854b81]
V  [jvm.dll+0x856e5e]
V  [jvm.dll+0x857543]
V  [jvm.dll+0x280c06]
V  [jvm.dll+0xc3ead]
V  [jvm.dll+0xc43c3]
V  [jvm.dll+0x3b5732]
V  [jvm.dll+0x382475]
V  [jvm.dll+0x3818ea]
V  [jvm.dll+0x249ad0]
V  [jvm.dll+0x2490b1]
V  [jvm.dll+0x1c9ca1]
V  [jvm.dll+0x2586b9]
V  [jvm.dll+0x256c9a]
V  [jvm.dll+0x3ef1b6]
V  [jvm.dll+0x7fd728]
V  [jvm.dll+0x6c777d]
C  [ucrtbase.dll+0x37b0]
C  [KERNEL32.DLL+0x2e8d7]
C  [ntdll.dll+0x8c48c]


---------------  P R O C E S S  ---------------

Threads class SMR info:
_java_thread_list=0x00000279bfbcbed0, length=28, elements={
0x00000279e23fbc60, 0x00000279843f2640, 0x00000279843f30a0, 0x00000279843f8b50,
0x00000279843f96e0, 0x00000279843fcbd0, 0x00000279843fff70, 0x0000027984402e10,
0x000002798440f230, 0x0000027984669e80, 0x00000279847292f0, 0x000002798487d450,
0x00000279bf4ee740, 0x00000279bf56d680, 0x00000279bf77c870, 0x00000279bf77cf00,
0x00000279bf74c3c0, 0x00000279bf77d590, 0x00000279bf77dc20, 0x00000279bf77a7a0,
0x00000279bf77ae30, 0x00000279bf77b4c0, 0x00000279bf77bb50, 0x00000279bf84ac50,
0x00000279bf84b2e0, 0x00000279bf849210, 0x00000279bf8498a0, 0x00000279bf849f30
}

Java Threads: ( => current thread )
  0x00000279e23fbc60 JavaThread "main"                              [_thread_blocked, id=19928, stack(0x000000a97e900000,0x000000a97ea00000) (1024K)]
  0x00000279843f2640 JavaThread "Reference Handler"          daemon [_thread_blocked, id=14644, stack(0x000000a97f100000,0x000000a97f200000) (1024K)]
  0x00000279843f30a0 JavaThread "Finalizer"                  daemon [_thread_blocked, id=1384, stack(0x000000a97f200000,0x000000a97f300000) (1024K)]
  0x00000279843f8b50 JavaThread "Signal Dispatcher"          daemon [_thread_blocked, id=1900, stack(0x000000a97f300000,0x000000a97f400000) (1024K)]
  0x00000279843f96e0 JavaThread "Attach Listener"            daemon [_thread_blocked, id=21940, stack(0x000000a97f400000,0x000000a97f500000) (1024K)]
  0x00000279843fcbd0 JavaThread "Service Thread"             daemon [_thread_blocked, id=10940, stack(0x000000a97f500000,0x000000a97f600000) (1024K)]
  0x00000279843fff70 JavaThread "Monitor Deflation Thread"   daemon [_thread_blocked, id=22108, stack(0x000000a97f600000,0x000000a97f700000) (1024K)]
  0x0000027984402e10 JavaThread "C2 CompilerThread0"         daemon [_thread_blocked, id=14096, stack(0x000000a97f700000,0x000000a97f800000) (1024K)]
  0x000002798440f230 JavaThread "C1 CompilerThread0"         daemon [_thread_blocked, id=10548, stack(0x000000a97f800000,0x000000a97f900000) (1024K)]
  0x0000027984669e80 JavaThread "Common-Cleaner"             daemon [_thread_blocked, id=21660, stack(0x000000a97f900000,0x000000a97fa00000) (1024K)]
  0x00000279847292f0 JavaThread "C1 CompilerThread1"         daemon [_thread_blocked, id=14980, stack(0x000000a97fa00000,0x000000a97fb00000) (1024K)]
  0x000002798487d450 JavaThread "Notification Thread"        daemon [_thread_blocked, id=4572, stack(0x000000a97fd00000,0x000000a97fe00000) (1024K)]
  0x00000279bf4ee740 JavaThread "C1 CompilerThread2"         daemon [_thread_blocked, id=20892, stack(0x000000a900400000,0x000000a900500000) (1024K)]
=>0x00000279bf56d680 JavaThread "C2 CompilerThread1"         daemon [_thread_in_native, id=17372, stack(0x000000a900500000,0x000000a900600000) (1024K)]
  0x00000279bf77c870 JavaThread "Daemon health stats"               [_thread_blocked, id=3172, stack(0x000000a900700000,0x000000a900800000) (1024K)]
  0x00000279bf77cf00 JavaThread "Incoming local TCP Connector on port 55220"        [_thread_in_native, id=16724, stack(0x000000a900800000,0x000000a900900000) (1024K)]
  0x00000279bf74c3c0 JavaThread "C2 CompilerThread2"         daemon [_thread_in_native, id=3688, stack(0x000000a900900000,0x000000a900a00000) (1024K)]
  0x00000279bf77d590 JavaThread "Daemon periodic checks"            [_thread_blocked, id=12776, stack(0x000000a900a00000,0x000000a900b00000) (1024K)]
  0x00000279bf77dc20 JavaThread "Daemon"                            [_thread_blocked, id=19612, stack(0x000000a900b00000,0x000000a900c00000) (1024K)]
  0x00000279bf77a7a0 JavaThread "Handler for socket connection from /127.0.0.1:55220 to /127.0.0.1:55221"        [_thread_in_native, id=15500, stack(0x000000a900c00000,0x000000a900d00000) (1024K)]
  0x00000279bf77ae30 JavaThread "Cancel handler"                    [_thread_blocked, id=9420, stack(0x000000a900d00000,0x000000a900e00000) (1024K)]
  0x00000279bf77b4c0 JavaThread "Daemon worker"                     [_thread_in_native, id=21580, stack(0x000000a900e00000,0x000000a900f00000) (1024K)]
  0x00000279bf77bb50 JavaThread "Asynchronous log dispatcher for DefaultDaemonConnection: socket connection from /127.0.0.1:55220 to /127.0.0.1:55221"        [_thread_blocked, id=21612, stack(0x000000a900f00000,0x000000a901000000) (1024K)]
  0x00000279bf84ac50 JavaThread "Stdin handler"                     [_thread_blocked, id=19972, stack(0x000000a901000000,0x000000a901100000) (1024K)]
  0x00000279bf84b2e0 JavaThread "Daemon client event forwarder"        [_thread_blocked, id=20272, stack(0x000000a901100000,0x000000a901200000) (1024K)]
  0x00000279bf849210 JavaThread "Cache worker for journal cache (C:\Users\ADMIN\.gradle\caches\journal-1)"        [_thread_blocked, id=21772, stack(0x000000a901900000,0x000000a901a00000) (1024K)]
  0x00000279bf8498a0 JavaThread "File lock request listener"        [_thread_in_native, id=2136, stack(0x000000a901a00000,0x000000a901b00000) (1024K)]
  0x00000279bf849f30 JavaThread "Cache worker for file hash cache (C:\Users\ADMIN\.gradle\caches\8.13\fileHashes)"        [_thread_blocked, id=12772, stack(0x000000a901b00000,0x000000a901c00000) (1024K)]
Total: 28

Other Threads:
  0x00000279843d1ee0 VMThread "VM Thread"                           [id=9836, stack(0x000000a97f000000,0x000000a97f100000) (1024K)]
  0x00000279843bab60 WatcherThread "VM Periodic Task Thread"        [id=5880, stack(0x000000a97ef00000,0x000000a97f000000) (1024K)]
  0x00000279e4749e80 WorkerThread "GC Thread#0"                     [id=1328, stack(0x000000a97ea00000,0x000000a97eb00000) (1024K)]
  0x00000279be0f0f30 WorkerThread "GC Thread#1"                     [id=19744, stack(0x000000a97ff00000,0x000000a980000000) (1024K)]
  0x00000279be025920 WorkerThread "GC Thread#2"                     [id=6688, stack(0x000000a900000000,0x000000a900100000) (1024K)]
  0x00000279be0e65c0 WorkerThread "GC Thread#3"                     [id=3136, stack(0x000000a900100000,0x000000a900200000) (1024K)]
  0x00000279be1505d0 WorkerThread "GC Thread#4"                     [id=12820, stack(0x000000a900200000,0x000000a900300000) (1024K)]
  0x00000279be150d80 WorkerThread "GC Thread#5"                     [id=17424, stack(0x000000a900300000,0x000000a900400000) (1024K)]
  0x00000279bfb428d0 WorkerThread "GC Thread#6"                     [id=9368, stack(0x000000a901200000,0x000000a901300000) (1024K)]
  0x00000279bfb42c70 WorkerThread "GC Thread#7"                     [id=14076, stack(0x000000a901300000,0x000000a901400000) (1024K)]
  0x00000279bfa1c680 WorkerThread "GC Thread#8"                     [id=19472, stack(0x000000a901400000,0x000000a901500000) (1024K)]
  0x00000279bfadc350 WorkerThread "GC Thread#9"                     [id=10572, stack(0x000000a901500000,0x000000a901600000) (1024K)]
  0x00000279bfadb4d0 WorkerThread "GC Thread#10"                    [id=6308, stack(0x000000a901600000,0x000000a901700000) (1024K)]
  0x00000279bfadc6f0 WorkerThread "GC Thread#11"                    [id=8384, stack(0x000000a901700000,0x000000a901800000) (1024K)]
  0x00000279bfadca90 WorkerThread "GC Thread#12"                    [id=19548, stack(0x000000a901800000,0x000000a901900000) (1024K)]
  0x00000279e475bbf0 ConcurrentGCThread "G1 Main Marker"            [id=19460, stack(0x000000a97eb00000,0x000000a97ec00000) (1024K)]
  0x00000279e475c600 WorkerThread "G1 Conc#0"                       [id=3032, stack(0x000000a97ec00000,0x000000a97ed00000) (1024K)]
  0x00000279842873e0 ConcurrentGCThread "G1 Refine#0"               [id=21640, stack(0x000000a97ed00000,0x000000a97ee00000) (1024K)]
  0x0000027984287d60 ConcurrentGCThread "G1 Service"                [id=4620, stack(0x000000a97ee00000,0x000000a97ef00000) (1024K)]
Total: 19

Threads with active compile tasks:
C2 CompilerThread1     5815 2804   !   4       java.lang.ClassLoader::loadClass (121 bytes)
C2 CompilerThread2     5815 2847       4       java.lang.invoke.MethodType::makeImpl (109 bytes)
Total: 2

VM state: not at safepoint (normal execution)

VM Mutex/Monitor currently owned by a thread: None

Heap address: 0x0000000700000000, size: 4096 MB, Compressed Oops mode: Zero based, Oop shift amount: 3

CDS archive(s) mapped at: [0x0000027985000000-0x0000027985c90000-0x0000027985c90000), size 13172736, SharedBaseAddress: 0x0000027985000000, ArchiveRelocationMode: 1.
Compressed class space mapped at: 0x0000027986000000-0x00000279ba000000, reserved size: 872415232
Narrow klass base: 0x0000027985000000, Narrow klass shift: 0, Narrow klass range: 0x100000000

GC Precious Log:
 CardTable entry size: 512
 Card Set container configuration: InlinePtr #cards 4 size 8 Array Of Cards #cards 16 size 48 Howl #buckets 8 coarsen threshold 3686 Howl Bitmap #cards 512 size 80 coarsen threshold 460 Card regions per heap region 1 cards per card region 4096
 CPUs: 16 total, 16 available
 Memory: 16008M
 Large Page Support: Disabled
 NUMA Support: Disabled
 Compressed Oops: Enabled (Zero based)
 Heap Region Size: 2M
 Heap Min Capacity: 8M
 Heap Initial Capacity: 252M
 Heap Max Capacity: 4G
 Pre-touch: Disabled
 Parallel Workers: 13
 Concurrent Workers: 3
 Concurrent Refinement Workers: 13
 Periodic GC: Disabled

Heap:
 garbage-first heap   total 258048K, used 35446K [0x0000000700000000, 0x0000000800000000)
  region size 2048K, 14 young (28672K), 6 survivors (12288K)
 Metaspace       used 16028K, committed 16512K, reserved 917504K
  class space    used 2180K, committed 2432K, reserved 851968K

Heap Regions: E=young(eden), S=young(survivor), O=old, HS=humongous(starts), HC=humongous(continues), CS=collection set, F=free, TAMS=top-at-mark-start, PB=parsable bottom
|   0|0x0000000700000000, 0x0000000700200000, 0x0000000700200000|100%|HS|  |TAMS 0x0000000700000000| PB 0x0000000700000000| Complete 
|   1|0x0000000700200000, 0x0000000700400000, 0x0000000700400000|100%|HC|  |TAMS 0x0000000700200000| PB 0x0000000700200000| Complete 
|   2|0x0000000700400000, 0x0000000700600000, 0x0000000700600000|100%| O|  |TAMS 0x0000000700400000| PB 0x0000000700400000| Untracked 
|   3|0x0000000700600000, 0x0000000700800000, 0x0000000700800000|100%| O|  |TAMS 0x0000000700600000| PB 0x0000000700600000| Untracked 
|   4|0x0000000700800000, 0x000000070089d920, 0x0000000700a00000| 30%| O|  |TAMS 0x0000000700800000| PB 0x0000000700800000| Untracked 
|   5|0x0000000700a00000, 0x0000000700a00000, 0x0000000700c00000|  0%| F|  |TAMS 0x0000000700a00000| PB 0x0000000700a00000| Untracked 
|   6|0x0000000700c00000, 0x0000000700c00000, 0x0000000700e00000|  0%| F|  |TAMS 0x0000000700c00000| PB 0x0000000700c00000| Untracked 
|   7|0x0000000700e00000, 0x0000000700e00000, 0x0000000701000000|  0%| F|  |TAMS 0x0000000700e00000| PB 0x0000000700e00000| Untracked 
|   8|0x0000000701000000, 0x0000000701000000, 0x0000000701200000|  0%| F|  |TAMS 0x0000000701000000| PB 0x0000000701000000| Untracked 
|   9|0x0000000701200000, 0x0000000701200000, 0x0000000701400000|  0%| F|  |TAMS 0x0000000701200000| PB 0x0000000701200000| Untracked 
|  10|0x0000000701400000, 0x0000000701400000, 0x0000000701600000|  0%| F|  |TAMS 0x0000000701400000| PB 0x0000000701400000| Untracked 
|  11|0x0000000701600000, 0x0000000701600000, 0x0000000701800000|  0%| F|  |TAMS 0x0000000701600000| PB 0x0000000701600000| Untracked 
|  12|0x0000000701800000, 0x0000000701800000, 0x0000000701a00000|  0%| F|  |TAMS 0x0000000701800000| PB 0x0000000701800000| Untracked 
|  13|0x0000000701a00000, 0x0000000701a00000, 0x0000000701c00000|  0%| F|  |TAMS 0x0000000701a00000| PB 0x0000000701a00000| Untracked 
|  14|0x0000000701c00000, 0x0000000701c00000, 0x0000000701e00000|  0%| F|  |TAMS 0x0000000701c00000| PB 0x0000000701c00000| Untracked 
|  15|0x0000000701e00000, 0x0000000701e00000, 0x0000000702000000|  0%| F|  |TAMS 0x0000000701e00000| PB 0x0000000701e00000| Untracked 
|  16|0x0000000702000000, 0x0000000702000000, 0x0000000702200000|  0%| F|  |TAMS 0x0000000702000000| PB 0x0000000702000000| Untracked 
|  17|0x0000000702200000, 0x0000000702200000, 0x0000000702400000|  0%| F|  |TAMS 0x0000000702200000| PB 0x0000000702200000| Untracked 
|  18|0x0000000702400000, 0x0000000702400000, 0x0000000702600000|  0%| F|  |TAMS 0x0000000702400000| PB 0x0000000702400000| Untracked 
|  19|0x0000000702600000, 0x0000000702600000, 0x0000000702800000|  0%| F|  |TAMS 0x0000000702600000| PB 0x0000000702600000| Untracked 
|  20|0x0000000702800000, 0x0000000702800000, 0x0000000702a00000|  0%| F|  |TAMS 0x0000000702800000| PB 0x0000000702800000| Untracked 
|  21|0x0000000702a00000, 0x0000000702a00000, 0x0000000702c00000|  0%| F|  |TAMS 0x0000000702a00000| PB 0x0000000702a00000| Untracked 
|  22|0x0000000702c00000, 0x0000000702c00000, 0x0000000702e00000|  0%| F|  |TAMS 0x0000000702c00000| PB 0x0000000702c00000| Untracked 
|  23|0x0000000702e00000, 0x0000000702e00000, 0x0000000703000000|  0%| F|  |TAMS 0x0000000702e00000| PB 0x0000000702e00000| Untracked 
|  24|0x0000000703000000, 0x0000000703000000, 0x0000000703200000|  0%| F|  |TAMS 0x0000000703000000| PB 0x0000000703000000| Untracked 
|  25|0x0000000703200000, 0x0000000703200000, 0x0000000703400000|  0%| F|  |TAMS 0x0000000703200000| PB 0x0000000703200000| Untracked 
|  26|0x0000000703400000, 0x0000000703400000, 0x0000000703600000|  0%| F|  |TAMS 0x0000000703400000| PB 0x0000000703400000| Untracked 
|  27|0x0000000703600000, 0x0000000703600000, 0x0000000703800000|  0%| F|  |TAMS 0x0000000703600000| PB 0x0000000703600000| Untracked 
|  28|0x0000000703800000, 0x0000000703800000, 0x0000000703a00000|  0%| F|  |TAMS 0x0000000703800000| PB 0x0000000703800000| Untracked 
|  29|0x0000000703a00000, 0x0000000703a00000, 0x0000000703c00000|  0%| F|  |TAMS 0x0000000703a00000| PB 0x0000000703a00000| Untracked 
|  30|0x0000000703c00000, 0x0000000703c00000, 0x0000000703e00000|  0%| F|  |TAMS 0x0000000703c00000| PB 0x0000000703c00000| Untracked 
|  31|0x0000000703e00000, 0x0000000703e00000, 0x0000000704000000|  0%| F|  |TAMS 0x0000000703e00000| PB 0x0000000703e00000| Untracked 
|  32|0x0000000704000000, 0x0000000704000000, 0x0000000704200000|  0%| F|  |TAMS 0x0000000704000000| PB 0x0000000704000000| Untracked 
|  33|0x0000000704200000, 0x0000000704200000, 0x0000000704400000|  0%| F|  |TAMS 0x0000000704200000| PB 0x0000000704200000| Untracked 
|  34|0x0000000704400000, 0x0000000704400000, 0x0000000704600000|  0%| F|  |TAMS 0x0000000704400000| PB 0x0000000704400000| Untracked 
|  35|0x0000000704600000, 0x0000000704600000, 0x0000000704800000|  0%| F|  |TAMS 0x0000000704600000| PB 0x0000000704600000| Untracked 
|  36|0x0000000704800000, 0x0000000704800000, 0x0000000704a00000|  0%| F|  |TAMS 0x0000000704800000| PB 0x0000000704800000| Untracked 
|  37|0x0000000704a00000, 0x0000000704a00000, 0x0000000704c00000|  0%| F|  |TAMS 0x0000000704a00000| PB 0x0000000704a00000| Untracked 
|  38|0x0000000704c00000, 0x0000000704c00000, 0x0000000704e00000|  0%| F|  |TAMS 0x0000000704c00000| PB 0x0000000704c00000| Untracked 
|  39|0x0000000704e00000, 0x0000000704e00000, 0x0000000705000000|  0%| F|  |TAMS 0x0000000704e00000| PB 0x0000000704e00000| Untracked 
|  40|0x0000000705000000, 0x0000000705000000, 0x0000000705200000|  0%| F|  |TAMS 0x0000000705000000| PB 0x0000000705000000| Untracked 
|  41|0x0000000705200000, 0x0000000705200000, 0x0000000705400000|  0%| F|  |TAMS 0x0000000705200000| PB 0x0000000705200000| Untracked 
|  42|0x0000000705400000, 0x0000000705400000, 0x0000000705600000|  0%| F|  |TAMS 0x0000000705400000| PB 0x0000000705400000| Untracked 
|  43|0x0000000705600000, 0x0000000705600000, 0x0000000705800000|  0%| F|  |TAMS 0x0000000705600000| PB 0x0000000705600000| Untracked 
|  44|0x0000000705800000, 0x0000000705800000, 0x0000000705a00000|  0%| F|  |TAMS 0x0000000705800000| PB 0x0000000705800000| Untracked 
|  45|0x0000000705a00000, 0x0000000705a00000, 0x0000000705c00000|  0%| F|  |TAMS 0x0000000705a00000| PB 0x0000000705a00000| Untracked 
|  46|0x0000000705c00000, 0x0000000705c00000, 0x0000000705e00000|  0%| F|  |TAMS 0x0000000705c00000| PB 0x0000000705c00000| Untracked 
|  47|0x0000000705e00000, 0x0000000705e00000, 0x0000000706000000|  0%| F|  |TAMS 0x0000000705e00000| PB 0x0000000705e00000| Untracked 
|  48|0x0000000706000000, 0x0000000706000000, 0x0000000706200000|  0%| F|  |TAMS 0x0000000706000000| PB 0x0000000706000000| Untracked 
|  49|0x0000000706200000, 0x0000000706200000, 0x0000000706400000|  0%| F|  |TAMS 0x0000000706200000| PB 0x0000000706200000| Untracked 
|  50|0x0000000706400000, 0x0000000706400000, 0x0000000706600000|  0%| F|  |TAMS 0x0000000706400000| PB 0x0000000706400000| Untracked 
|  51|0x0000000706600000, 0x0000000706600000, 0x0000000706800000|  0%| F|  |TAMS 0x0000000706600000| PB 0x0000000706600000| Untracked 
|  52|0x0000000706800000, 0x0000000706800000, 0x0000000706a00000|  0%| F|  |TAMS 0x0000000706800000| PB 0x0000000706800000| Untracked 
|  53|0x0000000706a00000, 0x0000000706a00000, 0x0000000706c00000|  0%| F|  |TAMS 0x0000000706a00000| PB 0x0000000706a00000| Untracked 
|  54|0x0000000706c00000, 0x0000000706c00000, 0x0000000706e00000|  0%| F|  |TAMS 0x0000000706c00000| PB 0x0000000706c00000| Untracked 
|  55|0x0000000706e00000, 0x0000000706e00000, 0x0000000707000000|  0%| F|  |TAMS 0x0000000706e00000| PB 0x0000000706e00000| Untracked 
|  56|0x0000000707000000, 0x0000000707000000, 0x0000000707200000|  0%| F|  |TAMS 0x0000000707000000| PB 0x0000000707000000| Untracked 
|  57|0x0000000707200000, 0x0000000707200000, 0x0000000707400000|  0%| F|  |TAMS 0x0000000707200000| PB 0x0000000707200000| Untracked 
|  58|0x0000000707400000, 0x0000000707400000, 0x0000000707600000|  0%| F|  |TAMS 0x0000000707400000| PB 0x0000000707400000| Untracked 
|  59|0x0000000707600000, 0x0000000707600000, 0x0000000707800000|  0%| F|  |TAMS 0x0000000707600000| PB 0x0000000707600000| Untracked 
|  60|0x0000000707800000, 0x0000000707800000, 0x0000000707a00000|  0%| F|  |TAMS 0x0000000707800000| PB 0x0000000707800000| Untracked 
|  61|0x0000000707a00000, 0x0000000707a00000, 0x0000000707c00000|  0%| F|  |TAMS 0x0000000707a00000| PB 0x0000000707a00000| Untracked 
|  62|0x0000000707c00000, 0x0000000707c00000, 0x0000000707e00000|  0%| F|  |TAMS 0x0000000707c00000| PB 0x0000000707c00000| Untracked 
|  63|0x0000000707e00000, 0x0000000707e00000, 0x0000000708000000|  0%| F|  |TAMS 0x0000000707e00000| PB 0x0000000707e00000| Untracked 
|  64|0x0000000708000000, 0x0000000708000000, 0x0000000708200000|  0%| F|  |TAMS 0x0000000708000000| PB 0x0000000708000000| Untracked 
|  65|0x0000000708200000, 0x0000000708200000, 0x0000000708400000|  0%| F|  |TAMS 0x0000000708200000| PB 0x0000000708200000| Untracked 
|  66|0x0000000708400000, 0x0000000708400000, 0x0000000708600000|  0%| F|  |TAMS 0x0000000708400000| PB 0x0000000708400000| Untracked 
|  67|0x0000000708600000, 0x0000000708600000, 0x0000000708800000|  0%| F|  |TAMS 0x0000000708600000| PB 0x0000000708600000| Untracked 
|  68|0x0000000708800000, 0x0000000708800000, 0x0000000708a00000|  0%| F|  |TAMS 0x0000000708800000| PB 0x0000000708800000| Untracked 
|  69|0x0000000708a00000, 0x0000000708a00000, 0x0000000708c00000|  0%| F|  |TAMS 0x0000000708a00000| PB 0x0000000708a00000| Untracked 
|  70|0x0000000708c00000, 0x0000000708c00000, 0x0000000708e00000|  0%| F|  |TAMS 0x0000000708c00000| PB 0x0000000708c00000| Untracked 
|  71|0x0000000708e00000, 0x0000000708e00000, 0x0000000709000000|  0%| F|  |TAMS 0x0000000708e00000| PB 0x0000000708e00000| Untracked 
|  72|0x0000000709000000, 0x0000000709000000, 0x0000000709200000|  0%| F|  |TAMS 0x0000000709000000| PB 0x0000000709000000| Untracked 
|  73|0x0000000709200000, 0x0000000709200000, 0x0000000709400000|  0%| F|  |TAMS 0x0000000709200000| PB 0x0000000709200000| Untracked 
|  74|0x0000000709400000, 0x0000000709400000, 0x0000000709600000|  0%| F|  |TAMS 0x0000000709400000| PB 0x0000000709400000| Untracked 
|  75|0x0000000709600000, 0x0000000709600000, 0x0000000709800000|  0%| F|  |TAMS 0x0000000709600000| PB 0x0000000709600000| Untracked 
|  76|0x0000000709800000, 0x0000000709800000, 0x0000000709a00000|  0%| F|  |TAMS 0x0000000709800000| PB 0x0000000709800000| Untracked 
|  77|0x0000000709a00000, 0x0000000709c00000, 0x0000000709c00000|100%| S|CS|TAMS 0x0000000709a00000| PB 0x0000000709a00000| Complete 
|  78|0x0000000709c00000, 0x0000000709e00000, 0x0000000709e00000|100%| S|CS|TAMS 0x0000000709c00000| PB 0x0000000709c00000| Complete 
|  79|0x0000000709e00000, 0x000000070a000000, 0x000000070a000000|100%| S|CS|TAMS 0x0000000709e00000| PB 0x0000000709e00000| Complete 
|  80|0x000000070a000000, 0x000000070a200000, 0x000000070a200000|100%| S|CS|TAMS 0x000000070a000000| PB 0x000000070a000000| Complete 
|  81|0x000000070a200000, 0x000000070a400000, 0x000000070a400000|100%| S|CS|TAMS 0x000000070a200000| PB 0x000000070a200000| Complete 
|  82|0x000000070a400000, 0x000000070a600000, 0x000000070a600000|100%| S|CS|TAMS 0x000000070a400000| PB 0x000000070a400000| Complete 
|  83|0x000000070a600000, 0x000000070a600000, 0x000000070a800000|  0%| F|  |TAMS 0x000000070a600000| PB 0x000000070a600000| Untracked 
|  84|0x000000070a800000, 0x000000070a800000, 0x000000070aa00000|  0%| F|  |TAMS 0x000000070a800000| PB 0x000000070a800000| Untracked 
|  85|0x000000070aa00000, 0x000000070aa00000, 0x000000070ac00000|  0%| F|  |TAMS 0x000000070aa00000| PB 0x000000070aa00000| Untracked 
|  86|0x000000070ac00000, 0x000000070ac00000, 0x000000070ae00000|  0%| F|  |TAMS 0x000000070ac00000| PB 0x000000070ac00000| Untracked 
|  87|0x000000070ae00000, 0x000000070ae00000, 0x000000070b000000|  0%| F|  |TAMS 0x000000070ae00000| PB 0x000000070ae00000| Untracked 
|  88|0x000000070b000000, 0x000000070b000000, 0x000000070b200000|  0%| F|  |TAMS 0x000000070b000000| PB 0x000000070b000000| Untracked 
|  89|0x000000070b200000, 0x000000070b200000, 0x000000070b400000|  0%| F|  |TAMS 0x000000070b200000| PB 0x000000070b200000| Untracked 
|  90|0x000000070b400000, 0x000000070b400000, 0x000000070b600000|  0%| F|  |TAMS 0x000000070b400000| PB 0x000000070b400000| Untracked 
|  91|0x000000070b600000, 0x000000070b600000, 0x000000070b800000|  0%| F|  |TAMS 0x000000070b600000| PB 0x000000070b600000| Untracked 
|  92|0x000000070b800000, 0x000000070b800000, 0x000000070ba00000|  0%| F|  |TAMS 0x000000070b800000| PB 0x000000070b800000| Untracked 
|  93|0x000000070ba00000, 0x000000070ba00000, 0x000000070bc00000|  0%| F|  |TAMS 0x000000070ba00000| PB 0x000000070ba00000| Untracked 
|  94|0x000000070bc00000, 0x000000070bc00000, 0x000000070be00000|  0%| F|  |TAMS 0x000000070bc00000| PB 0x000000070bc00000| Untracked 
|  95|0x000000070be00000, 0x000000070be00000, 0x000000070c000000|  0%| F|  |TAMS 0x000000070be00000| PB 0x000000070be00000| Untracked 
|  96|0x000000070c000000, 0x000000070c000000, 0x000000070c200000|  0%| F|  |TAMS 0x000000070c000000| PB 0x000000070c000000| Untracked 
|  97|0x000000070c200000, 0x000000070c200000, 0x000000070c400000|  0%| F|  |TAMS 0x000000070c200000| PB 0x000000070c200000| Untracked 
|  98|0x000000070c400000, 0x000000070c400000, 0x000000070c600000|  0%| F|  |TAMS 0x000000070c400000| PB 0x000000070c400000| Untracked 
|  99|0x000000070c600000, 0x000000070c600000, 0x000000070c800000|  0%| F|  |TAMS 0x000000070c600000| PB 0x000000070c600000| Untracked 
| 100|0x000000070c800000, 0x000000070c800000, 0x000000070ca00000|  0%| F|  |TAMS 0x000000070c800000| PB 0x000000070c800000| Untracked 
| 101|0x000000070ca00000, 0x000000070ca00000, 0x000000070cc00000|  0%| F|  |TAMS 0x000000070ca00000| PB 0x000000070ca00000| Untracked 
| 102|0x000000070cc00000, 0x000000070cc00000, 0x000000070ce00000|  0%| F|  |TAMS 0x000000070cc00000| PB 0x000000070cc00000| Untracked 
| 103|0x000000070ce00000, 0x000000070ce00000, 0x000000070d000000|  0%| F|  |TAMS 0x000000070ce00000| PB 0x000000070ce00000| Untracked 
| 104|0x000000070d000000, 0x000000070d000000, 0x000000070d200000|  0%| F|  |TAMS 0x000000070d000000| PB 0x000000070d000000| Untracked 
| 105|0x000000070d200000, 0x000000070d200000, 0x000000070d400000|  0%| F|  |TAMS 0x000000070d200000| PB 0x000000070d200000| Untracked 
| 106|0x000000070d400000, 0x000000070d400000, 0x000000070d600000|  0%| F|  |TAMS 0x000000070d400000| PB 0x000000070d400000| Untracked 
| 107|0x000000070d600000, 0x000000070d600000, 0x000000070d800000|  0%| F|  |TAMS 0x000000070d600000| PB 0x000000070d600000| Untracked 
| 108|0x000000070d800000, 0x000000070d800000, 0x000000070da00000|  0%| F|  |TAMS 0x000000070d800000| PB 0x000000070d800000| Untracked 
| 109|0x000000070da00000, 0x000000070da00000, 0x000000070dc00000|  0%| F|  |TAMS 0x000000070da00000| PB 0x000000070da00000| Untracked 
| 110|0x000000070dc00000, 0x000000070dc00000, 0x000000070de00000|  0%| F|  |TAMS 0x000000070dc00000| PB 0x000000070dc00000| Untracked 
| 111|0x000000070de00000, 0x000000070de00000, 0x000000070e000000|  0%| F|  |TAMS 0x000000070de00000| PB 0x000000070de00000| Untracked 
| 112|0x000000070e000000, 0x000000070e000000, 0x000000070e200000|  0%| F|  |TAMS 0x000000070e000000| PB 0x000000070e000000| Untracked 
| 113|0x000000070e200000, 0x000000070e200000, 0x000000070e400000|  0%| F|  |TAMS 0x000000070e200000| PB 0x000000070e200000| Untracked 
| 114|0x000000070e400000, 0x000000070e400000, 0x000000070e600000|  0%| F|  |TAMS 0x000000070e400000| PB 0x000000070e400000| Untracked 
| 115|0x000000070e600000, 0x000000070e600000, 0x000000070e800000|  0%| F|  |TAMS 0x000000070e600000| PB 0x000000070e600000| Untracked 
| 116|0x000000070e800000, 0x000000070e800000, 0x000000070ea00000|  0%| F|  |TAMS 0x000000070e800000| PB 0x000000070e800000| Untracked 
| 117|0x000000070ea00000, 0x000000070ea00000, 0x000000070ec00000|  0%| F|  |TAMS 0x000000070ea00000| PB 0x000000070ea00000| Untracked 
| 118|0x000000070ec00000, 0x000000070ed338a0, 0x000000070ee00000| 60%| E|  |TAMS 0x000000070ec00000| PB 0x000000070ec00000| Complete 
| 119|0x000000070ee00000, 0x000000070f000000, 0x000000070f000000|100%| E|CS|TAMS 0x000000070ee00000| PB 0x000000070ee00000| Complete 
| 120|0x000000070f000000, 0x000000070f200000, 0x000000070f200000|100%| E|CS|TAMS 0x000000070f000000| PB 0x000000070f000000| Complete 
| 121|0x000000070f200000, 0x000000070f400000, 0x000000070f400000|100%| E|CS|TAMS 0x000000070f200000| PB 0x000000070f200000| Complete 
| 122|0x000000070f400000, 0x000000070f600000, 0x000000070f600000|100%| E|CS|TAMS 0x000000070f400000| PB 0x000000070f400000| Complete 
| 123|0x000000070f600000, 0x000000070f800000, 0x000000070f800000|100%| E|CS|TAMS 0x000000070f600000| PB 0x000000070f600000| Complete 
| 124|0x000000070f800000, 0x000000070fa00000, 0x000000070fa00000|100%| E|CS|TAMS 0x000000070f800000| PB 0x000000070f800000| Complete 
| 125|0x000000070fa00000, 0x000000070fc00000, 0x000000070fc00000|100%| E|CS|TAMS 0x000000070fa00000| PB 0x000000070fa00000| Complete 

Card table byte_map: [0x00000279fcbb0000,0x00000279fd3b0000] _byte_map_base: 0x00000279f93b0000

Marking Bits: (CMBitMap*) 0x00000279e474a490
 Bits: [0x0000027980000000, 0x0000027984000000)

Polling page: 0x00000279e25c0000

Metaspace:

Usage:
  Non-class:     13.54 MB used.
      Class:      2.13 MB used.
       Both:     15.67 MB used.

Virtual space:
  Non-class space:       64.00 MB reserved,      13.81 MB ( 22%) committed,  1 nodes.
      Class space:      832.00 MB reserved,       2.38 MB ( <1%) committed,  1 nodes.
             Both:      896.00 MB reserved,      16.19 MB (  2%) committed. 

Chunk freelists:
   Non-Class:  2.23 MB
       Class:  13.67 MB
        Both:  15.91 MB

MaxMetaspaceSize: 1.00 GB
CompressedClassSpaceSize: 832.00 MB
Initial GC threshold: 21.00 MB
Current GC threshold: 21.00 MB
CDS: on
 - commit_granule_bytes: 65536.
 - commit_granule_words: 8192.
 - virtual_space_node_default_size: 8388608.
 - enlarge_chunks_in_place: 1.
 - use_allocation_guard: 0.


Internal statistics:

num_allocs_failed_limit: 0.
num_arena_births: 572.
num_arena_deaths: 0.
num_vsnodes_births: 2.
num_vsnodes_deaths: 0.
num_space_committed: 259.
num_space_uncommitted: 0.
num_chunks_returned_to_freelist: 0.
num_chunks_taken_from_freelist: 1134.
num_chunk_merges: 0.
num_chunk_splits: 725.
num_chunks_enlarged: 506.
num_inconsistent_stats: 0.

CodeHeap 'non-profiled nmethods': size=119168Kb used=1316Kb max_used=1316Kb free=117851Kb
 bounds [0x00000279f46d0000, 0x00000279f4940000, 0x00000279fbb30000]
CodeHeap 'profiled nmethods': size=119104Kb used=6028Kb max_used=6028Kb free=113075Kb
 bounds [0x00000279ecb30000, 0x00000279ed120000, 0x00000279f3f80000]
CodeHeap 'non-nmethods': size=7488Kb used=2600Kb max_used=3174Kb free=4887Kb
 bounds [0x00000279f3f80000, 0x00000279f42b0000, 0x00000279f46d0000]
 total_blobs=3448 nmethods=2890 adapters=460
 compilation: enabled
              stopped_count=0, restarted_count=0
 full_count=0

Compilation events (20 events):
Event: 4.778 Thread 0x00000279847292f0 nmethod 2880 0x00000279ed10f090 code [0x00000279ed10f240, 0x00000279ed10f420]
Event: 4.779 Thread 0x00000279847292f0 2881       3       java.lang.invoke.LambdaFormBuffer::replaceParameterByCopy (38 bytes)
Event: 4.779 Thread 0x000002798440f230 2882       3       java.lang.invoke.LambdaFormBuffer::noteDuplicate (115 bytes)
Event: 4.779 Thread 0x00000279847292f0 nmethod 2881 0x00000279ed10f510 code [0x00000279ed10f6e0, 0x00000279ed10f8d0]
Event: 4.779 Thread 0x0000027984402e10 2883       4       java.util.ArrayList::grow (60 bytes)
Event: 4.779 Thread 0x000002798440f230 nmethod 2882 0x00000279ed10fa10 code [0x00000279ed10fc20, 0x00000279ed110450]
Event: 4.784 Thread 0x0000027984402e10 nmethod 2883 0x00000279f4818010 code [0x00000279f48181c0, 0x00000279f4818898]
Event: 4.784 Thread 0x000002798440f230 2884       3       java.lang.invoke.MethodType::genericMethodType (6 bytes)
Event: 4.784 Thread 0x000002798440f230 nmethod 2884 0x00000279ed110790 code [0x00000279ed110940, 0x00000279ed110a60]
Event: 5.004 Thread 0x000002798440f230 2885       3       jdk.internal.misc.Unsafe::putReferenceOpaque (9 bytes)
Event: 5.005 Thread 0x000002798440f230 nmethod 2885 0x00000279ed110b10 code [0x00000279ed110ca0, 0x00000279ed110e08]
Event: 5.051 Thread 0x000002798440f230 2886       3       java.util.concurrent.TimeUnit::toNanos (45 bytes)
Event: 5.052 Thread 0x000002798440f230 nmethod 2886 0x00000279ed110e90 code [0x00000279ed111040, 0x00000279ed1112b8]
Event: 5.052 Thread 0x00000279847292f0 2887       3       java.util.concurrent.locks.LockSupport::setBlocker (12 bytes)
Event: 5.053 Thread 0x00000279847292f0 nmethod 2887 0x00000279ed111390 code [0x00000279ed111540, 0x00000279ed111740]
Event: 5.067 Thread 0x00000279bf4ee740 2888       3       java.util.concurrent.locks.AbstractQueuedSynchronizer$ConditionObject::canReacquire (38 bytes)
Event: 5.068 Thread 0x00000279bf4ee740 nmethod 2888 0x00000279ed111810 code [0x00000279ed1119e0, 0x00000279ed111d88]
Event: 5.099 Thread 0x000002798440f230 2889       3       java.lang.Thread::isVirtual (5 bytes)
Event: 5.331 Thread 0x00000279847292f0 2890       1       jdk.internal.event.ThreadSleepEvent::isEnabled (2 bytes)
Event: 5.346 Thread 0x00000279bf4ee740 2891       1       org.gradle.launcher.daemon.server.exec.DaemonConnectionBackedEventConsumer::access$000 (5 bytes)

GC Heap History (6 events):
Event: 0.156 GC heap before
{Heap before GC invocations=0 (full 0):
 garbage-first heap   total 258048K, used 22528K [0x0000000700000000, 0x0000000800000000)
  region size 2048K, 11 young (22528K), 0 survivors (0K)
 Metaspace       used 881K, committed 1024K, reserved 917504K
  class space    used 67K, committed 128K, reserved 851968K
}
Event: 0.157 GC heap after
{Heap after GC invocations=1 (full 0):
 garbage-first heap   total 258048K, used 1567K [0x0000000700000000, 0x0000000800000000)
  region size 2048K, 1 young (2048K), 1 survivors (2048K)
 Metaspace       used 881K, committed 1024K, reserved 917504K
  class space    used 67K, committed 128K, reserved 851968K
}
Event: 0.575 GC heap before
{Heap before GC invocations=1 (full 0):
 garbage-first heap   total 258048K, used 46623K [0x0000000700000000, 0x0000000800000000)
  region size 2048K, 22 young (45056K), 1 survivors (2048K)
 Metaspace       used 4502K, committed 4736K, reserved 917504K
  class space    used 551K, committed 640K, reserved 851968K
}
Event: 0.578 GC heap after
{Heap after GC invocations=2 (full 0):
 garbage-first heap   total 258048K, used 11661K [0x0000000700000000, 0x0000000800000000)
  region size 2048K, 3 young (6144K), 3 survivors (6144K)
 Metaspace       used 4502K, committed 4736K, reserved 917504K
  class space    used 551K, committed 640K, reserved 851968K
}
Event: 3.570 GC heap before
{Heap before GC invocations=2 (full 0):
 garbage-first heap   total 258048K, used 91533K [0x0000000700000000, 0x0000000800000000)
  region size 2048K, 43 young (88064K), 3 survivors (6144K)
 Metaspace       used 13992K, committed 14464K, reserved 917504K
  class space    used 1887K, committed 2112K, reserved 851968K
}
Event: 3.575 GC heap after
{Heap after GC invocations=3 (full 0):
 garbage-first heap   total 258048K, used 21110K [0x0000000700000000, 0x0000000800000000)
  region size 2048K, 6 young (12288K), 6 survivors (12288K)
 Metaspace       used 13992K, committed 14464K, reserved 917504K
  class space    used 1887K, committed 2112K, reserved 851968K
}

Dll operation events (15 events):
Event: 0.007 Loaded shared library C:\Program Files\Java\jdk-21\bin\java.dll
Event: 0.024 Loaded shared library C:\Program Files\Java\jdk-21\bin\jsvml.dll
Event: 0.041 Loaded shared library C:\Program Files\Java\jdk-21\bin\zip.dll
Event: 0.043 Loaded shared library C:\Program Files\Java\jdk-21\bin\instrument.dll
Event: 0.045 Loaded shared library C:\Program Files\Java\jdk-21\bin\net.dll
Event: 0.046 Loaded shared library C:\Program Files\Java\jdk-21\bin\nio.dll
Event: 0.047 Loaded shared library C:\Program Files\Java\jdk-21\bin\zip.dll
Event: 0.159 Loaded shared library C:\Program Files\Java\jdk-21\bin\jimage.dll
Event: 0.235 Loaded shared library C:\Program Files\Java\jdk-21\bin\verify.dll
Event: 0.284 Loaded shared library C:\Users\ADMIN\.gradle\native\1def1411415f61bf3af743bc5b6707747c0891f09f0c88961ee8f79bc544acac\windows-amd64\native-platform.dll
Event: 0.291 Loaded shared library C:\Users\ADMIN\.gradle\native\0.2.7\x86_64-windows-gnu\gradle-fileevents.dll
Event: 2.016 Loaded shared library C:\Program Files\Java\jdk-21\bin\management.dll
Event: 2.017 Loaded shared library C:\Program Files\Java\jdk-21\bin\management_ext.dll
Event: 3.128 Loaded shared library C:\Program Files\Java\jdk-21\bin\extnet.dll
Event: 3.282 Loaded shared library C:\Program Files\Java\jdk-21\bin\sunmscapi.dll

Deoptimization events (20 events):
Event: 3.478 Thread 0x00000279bf77b4c0 Uncommon trap: trap_request=0xffffffc6 fr.pc=0x00000279f47edd28 relative=0x0000000000000f28
Event: 3.478 Thread 0x00000279bf77b4c0 Uncommon trap: reason=bimorphic_or_optimized_type_check action=maybe_recompile pc=0x00000279f47edd28 method=java.util.HashMap.putVal(ILjava/lang/Object;Ljava/lang/Object;ZZ)Ljava/lang/Object; @ 91 c2
Event: 3.478 Thread 0x00000279bf77b4c0 DEOPT PACKING pc=0x00000279f47edd28 sp=0x000000a900efc7c0
Event: 3.478 Thread 0x00000279bf77b4c0 DEOPT UNPACKING pc=0x00000279f3fd46a2 sp=0x000000a900efc750 mode 2
Event: 3.484 Thread 0x00000279bf77b4c0 Uncommon trap: trap_request=0xffffff45 fr.pc=0x00000279f478acd4 relative=0x0000000000000294
Event: 3.484 Thread 0x00000279bf77b4c0 Uncommon trap: reason=unstable_if action=reinterpret pc=0x00000279f478acd4 method=java.util.concurrent.ConcurrentHashMap.get(Ljava/lang/Object;)Ljava/lang/Object; @ 76 c2
Event: 3.484 Thread 0x00000279bf77b4c0 DEOPT PACKING pc=0x00000279f478acd4 sp=0x000000a900efbd10
Event: 3.484 Thread 0x00000279bf77b4c0 DEOPT UNPACKING pc=0x00000279f3fd46a2 sp=0x000000a900efbc78 mode 2
Event: 3.575 Thread 0x00000279843f2640 Uncommon trap: trap_request=0xffffff45 fr.pc=0x00000279f47bdbac relative=0x000000000000018c
Event: 3.576 Thread 0x00000279843f2640 Uncommon trap: reason=unstable_if action=reinterpret pc=0x00000279f47bdbac method=java.util.concurrent.locks.ReentrantLock$NonfairSync.initialTryLock()Z @ 25 c2
Event: 3.576 Thread 0x00000279843f2640 DEOPT PACKING pc=0x00000279f47bdbac sp=0x000000a97f1ff5b0
Event: 3.576 Thread 0x00000279843f2640 DEOPT UNPACKING pc=0x00000279f3fd46a2 sp=0x000000a97f1ff550 mode 2
Event: 4.749 Thread 0x00000279bf77b4c0 Uncommon trap: trap_request=0xffffff45 fr.pc=0x00000279f46f5574 relative=0x0000000000000d74
Event: 4.749 Thread 0x00000279bf77b4c0 Uncommon trap: reason=unstable_if action=reinterpret pc=0x00000279f46f5574 method=java.io.WinNTFileSystem.resolve(Ljava/lang/String;Ljava/lang/String;)Ljava/lang/String; @ 19 c2
Event: 4.749 Thread 0x00000279bf77b4c0 DEOPT PACKING pc=0x00000279f46f5574 sp=0x000000a900efb450
Event: 4.749 Thread 0x00000279bf77b4c0 DEOPT UNPACKING pc=0x00000279f3fd46a2 sp=0x000000a900efb3e8 mode 2
Event: 4.751 Thread 0x00000279bf77b4c0 Uncommon trap: trap_request=0xffffff45 fr.pc=0x00000279f47666cc relative=0x00000000000005ec
Event: 4.751 Thread 0x00000279bf77b4c0 Uncommon trap: reason=unstable_if action=reinterpret pc=0x00000279f47666cc method=java.io.File.getName()Ljava/lang/String; @ 16 c2
Event: 4.751 Thread 0x00000279bf77b4c0 DEOPT PACKING pc=0x00000279f47666cc sp=0x000000a900efb410
Event: 4.751 Thread 0x00000279bf77b4c0 DEOPT UNPACKING pc=0x00000279f3fd46a2 sp=0x000000a900efb3e0 mode 2

Classes loaded (20 events):
Event: 4.715 Loading class sun/security/provider/MD5
Event: 4.715 Loading class sun/security/provider/MD5 done
Event: 4.715 Loading class sun/security/provider/SHA5$SHA512
Event: 4.716 Loading class sun/security/provider/SHA5
Event: 4.716 Loading class sun/security/provider/SHA5 done
Event: 4.716 Loading class sun/security/provider/SHA5$SHA512 done
Event: 4.719 Loading class sun/security/provider/ByteArrayAccess$LE
Event: 4.719 Loading class sun/security/provider/ByteArrayAccess$LE done
Event: 4.750 Loading class java/io/File$TempDirectory
Event: 4.750 Loading class java/io/File$TempDirectory done
Event: 4.755 Loading class java/io/PrintWriter
Event: 4.755 Loading class java/io/PrintWriter done
Event: 4.782 Loading class java/util/concurrent/Semaphore
Event: 4.782 Loading class java/util/concurrent/Semaphore done
Event: 4.784 Loading class java/nio/file/FileVisitOption
Event: 4.784 Loading class java/nio/file/FileVisitOption done
Event: 4.786 Loading class java/util/stream/ReduceOps$1
Event: 4.786 Loading class java/util/stream/ReduceOps$1 done
Event: 4.787 Loading class java/util/stream/ReduceOps$1ReducingSink
Event: 4.787 Loading class java/util/stream/ReduceOps$1ReducingSink done

Classes unloaded (0 events):
No events

Classes redefined (0 events):
No events

Internal exceptions (20 events):
Event: 3.242 Thread 0x00000279e23fbc60 Exception <a 'java/io/IOException'{0x000000070bd07288}> (0x000000070bd07288) 
thrown [s\open\src\hotspot\share\prims\jni.cpp, line 520]
Event: 3.247 Thread 0x00000279e23fbc60 Implicit null exception at 0x00000279f4744824 to 0x00000279f4744e94
Event: 3.252 Thread 0x00000279e23fbc60 Exception <a 'java/lang/NoSuchMethodError'{0x000000070bd78140}: 'java.lang.Object java.lang.invoke.DirectMethodHandle$Holder.newInvokeSpecial(java.lang.Object, java.lang.Object, java.lang.Object, java.lang.Object, java.lang.Object)'> (0x000000070bd78140) 
thrown [s\open\src\hotspot\share\interpreter\linkResolver.cpp, line 773]
Event: 3.346 Thread 0x00000279bf77dc20 Exception <a 'java/lang/NoSuchMethodError'{0x000000070b613de0}: 'void java.lang.invoke.DirectMethodHandle$Holder.invokeSpecial(java.lang.Object, java.lang.Object, java.lang.Object)'> (0x000000070b613de0) 
thrown [s\open\src\hotspot\share\interpreter\linkResolver.cpp, line 773]
Event: 3.408 Thread 0x00000279bf77b4c0 Exception <a 'java/lang/NoSuchMethodError'{0x000000070b288c80}: 'long java.lang.invoke.DirectMethodHandle$Holder.invokeInterface(java.lang.Object, java.lang.Object)'> (0x000000070b288c80) 
thrown [s\open\src\hotspot\share\interpreter\linkResolver.cpp, line 773]
Event: 3.459 Thread 0x00000279bf77b4c0 Exception <a 'java/lang/NoSuchMethodError'{0x000000070aef07e8}: 'void java.lang.invoke.DirectMethodHandle$Holder.invokeStatic(java.lang.Object, java.lang.Object)'> (0x000000070aef07e8) 
thrown [s\open\src\hotspot\share\interpreter\linkResolver.cpp, line 773]
Event: 3.463 Thread 0x00000279bf77b4c0 Exception <a 'java/lang/NoSuchMethodError'{0x000000070af34fa0}: 'java.lang.Object java.lang.invoke.DirectMethodHandle$Holder.invokeVirtual(java.lang.Object, java.lang.Object, java.lang.Object, java.lang.Object, java.lang.Object, java.lang.Object, java.lang.Object, java.lang.Object, java.lang.Object, java.lang.Object, java.lang.Object, java.lang.Object)'> (0x000000070af34fa0) 
thrown [s\open\src\hotspot\share\interpreter\linkResolver.cpp, line 773]
Event: 3.463 Thread 0x00000279bf77b4c0 Exception <a 'java/lang/NoSuchMethodError'{0x000000070af39f18}: 'java.lang.Object java.lang.invoke.DirectMethodHandle$Holder.invokeSpecial(java.lang.Object, java.lang.Object, java.lang.Object, java.lang.Object, java.lang.Object, java.lang.Object, java.lang.Object, java.lang.Object, java.lang.Object, java.lang.Object, java.lang.Object, java.lang.Object, java.lang.Object)'> (0x000000070af39f18) 
thrown [s\open\src\hotspot\share\interpreter\linkResolver.cpp, line 773]
Event: 3.488 Thread 0x00000279bf77b4c0 Exception <a 'java/lang/NoSuchMethodError'{0x000000070ad2d580}: 'int java.lang.invoke.DirectMethodHandle$Holder.invokeVirtual(java.lang.Object, java.lang.Object, java.lang.Object)'> (0x000000070ad2d580) 
thrown [s\open\src\hotspot\share\interpreter\linkResolver.cpp, line 773]
Event: 3.513 Thread 0x00000279bf77b4c0 Exception <a 'java/lang/NoSuchMethodError'{0x000000070ab8f6b8}: 'java.lang.Object java.lang.invoke.DirectMethodHandle$Holder.newInvokeSpecial(java.lang.Object, java.lang.Object, java.lang.Object, java.lang.Object, java.lang.Object, java.lang.Object)'> (0x000000070ab8f6b8) 
thrown [s\open\src\hotspot\share\interpreter\linkResolver.cpp, line 773]
Event: 3.550 Thread 0x00000279bf77b4c0 Exception <a 'java/lang/NoSuchMethodError'{0x000000070a6af9b8}: 'void java.lang.invoke.DelegatingMethodHandle$Holder.reinvoke_L(java.lang.Object, java.lang.Object, java.lang.Object, java.lang.Object, java.lang.Object, java.lang.Object, java.lang.Object, java.lang.Object, java.lang.Object, java.lang.Object)'> (0x000000070a6af9b8) 
thrown [s\open\src\hotspot\share\interpreter\linkResolver.cpp, line 773]
Event: 3.551 Thread 0x00000279bf77b4c0 Exception <a 'java/lang/NoSuchMethodError'{0x000000070a6b73b8}: 'java.lang.Object java.lang.invoke.Invokers$Holder.invoker(java.lang.Object, java.lang.Object, java.lang.Object, java.lang.Object, java.lang.Object, java.lang.Object, java.lang.Object, java.lang.Object, java.lang.Object, java.lang.Object)'> (0x000000070a6b73b8) 
thrown [s\open\src\hotspot\share\interpreter\linkResolver.cpp, line 773]
Event: 3.643 Thread 0x00000279bf77b4c0 Exception <a 'java/lang/NoSuchMethodError'{0x000000070f487618}: 'void java.lang.invoke.DirectMethodHandle$Holder.invokeInterface(java.lang.Object, java.lang.Object)'> (0x000000070f487618) 
thrown [s\open\src\hotspot\share\interpreter\linkResolver.cpp, line 773]
Event: 3.644 Thread 0x00000279bf77b4c0 Exception <a 'java/lang/IncompatibleClassChangeError'{0x000000070f48ab78}: Found class java.lang.Object, but interface was expected> (0x000000070f48ab78) 
thrown [s\open\src\hotspot\share\interpreter\linkResolver.cpp, line 840]
Event: 3.657 Thread 0x00000279bf77b4c0 Exception <a 'java/lang/NoSuchMethodError'{0x000000070f5fd8b8}: 'java.lang.Object java.lang.invoke.DirectMethodHandle$Holder.newInvokeSpecial(java.lang.Object, java.lang.Object, int)'> (0x000000070f5fd8b8) 
thrown [s\open\src\hotspot\share\interpreter\linkResolver.cpp, line 773]
Event: 4.728 Thread 0x00000279bf77b4c0 Exception <a 'java/lang/NoSuchMethodError'{0x000000070f1f4fd0}: 'java.lang.Object java.lang.invoke.DirectMethodHandle$Holder.invokeVirtual(java.lang.Object, java.lang.Object, java.lang.Object, java.lang.Object, java.lang.Object, java.lang.Object, java.lang.Object, java.lang.Object)'> (0x000000070f1f4fd0) 
thrown [s\open\src\hotspot\share\interpreter\linkResolver.cpp, line 773]
Event: 4.746 Thread 0x00000279bf77b4c0 Exception <a 'java/lang/NoSuchMethodError'{0x000000070ee97f10}: 'java.lang.Object java.lang.invoke.DirectMethodHandle$Holder.invokeVirtual(java.lang.Object, java.lang.Object, java.lang.Object, java.lang.Object, java.lang.Object, java.lang.Object, java.lang.Object, java.lang.Object, java.lang.Object, java.lang.Object)'> (0x000000070ee97f10) 
thrown [s\open\src\hotspot\share\interpreter\linkResolver.cpp, line 773]
Event: 4.769 Thread 0x00000279bf77b4c0 Exception <a 'java/lang/NoSuchMethodError'{0x000000070ef838f0}: 'java.lang.Object java.lang.invoke.DirectMethodHandle$Holder.invokeInterface(java.lang.Object, java.lang.Object, java.lang.Object)'> (0x000000070ef838f0) 
thrown [s\open\src\hotspot\share\interpreter\linkResolver.cpp, line 773]
Event: 4.785 Thread 0x00000279bf77b4c0 Exception <a 'java/lang/NoSuchMethodError'{0x000000070ec84860}: 'int java.lang.invoke.DirectMethodHandle$Holder.invokeSpecialIFC(java.lang.Object, java.lang.Object, java.lang.Object, java.lang.Object)'> (0x000000070ec84860) 
thrown [s\open\src\hotspot\share\interpreter\linkResolver.cpp, line 773]
Event: 4.786 Thread 0x00000279bf77b4c0 Exception <a 'java/lang/IncompatibleClassChangeError'{0x000000070ec91af8}: Found class java.lang.Object, but interface was expected> (0x000000070ec91af8) 
thrown [s\open\src\hotspot\share\interpreter\linkResolver.cpp, line 840]

ZGC Phase Switch (0 events):
No events

VM Operations (20 events):
Event: 3.088 Executing VM operation: HandshakeAllThreads (Deoptimize) done
Event: 3.126 Executing VM operation: HandshakeAllThreads (Deoptimize)
Event: 3.126 Executing VM operation: HandshakeAllThreads (Deoptimize) done
Event: 3.138 Executing VM operation: HandshakeAllThreads (Deoptimize)
Event: 3.138 Executing VM operation: HandshakeAllThreads (Deoptimize) done
Event: 3.160 Executing VM operation: HandshakeAllThreads (Deoptimize)
Event: 3.160 Executing VM operation: HandshakeAllThreads (Deoptimize) done
Event: 3.186 Executing VM operation: HandshakeAllThreads (Deoptimize)
Event: 3.186 Executing VM operation: HandshakeAllThreads (Deoptimize) done
Event: 3.263 Executing VM operation: HandshakeAllThreads (Deoptimize)
Event: 3.263 Executing VM operation: HandshakeAllThreads (Deoptimize) done
Event: 3.459 Executing VM operation: ICBufferFull
Event: 3.459 Executing VM operation: ICBufferFull done
Event: 3.570 Executing VM operation: G1CollectForAllocation (G1 Evacuation Pause)
Event: 3.575 Executing VM operation: G1CollectForAllocation (G1 Evacuation Pause) done
Event: 3.656 Executing VM operation: HandshakeAllThreads (Deoptimize)
Event: 3.656 Executing VM operation: HandshakeAllThreads (Deoptimize) done
Event: 4.663 Executing VM operation: Cleanup
Event: 4.707 Executing VM operation: Cleanup done
Event: 5.718 Executing VM operation: Cleanup

Events (20 events):
Event: 1.974 Thread 0x00000279bf4ee740 Thread added: 0x00000279bf4ee740
Event: 1.981 Thread 0x00000279bf56d680 Thread added: 0x00000279bf56d680
Event: 1.981 Thread 0x00000279bf56dd30 Thread added: 0x00000279bf56dd30
Event: 2.036 Thread 0x00000279bf77c870 Thread added: 0x00000279bf77c870
Event: 3.075 Thread 0x00000279bf56dd30 Thread exited: 0x00000279bf56dd30
Event: 3.115 Thread 0x00000279bf78c0a0 Thread added: 0x00000279bf78c0a0
Event: 3.203 Thread 0x00000279bf77cf00 Thread added: 0x00000279bf77cf00
Event: 3.209 Thread 0x00000279bf74c3c0 Thread added: 0x00000279bf74c3c0
Event: 3.255 Thread 0x00000279bf77d590 Thread added: 0x00000279bf77d590
Event: 3.294 Thread 0x00000279bf77dc20 Thread added: 0x00000279bf77dc20
Event: 3.297 Thread 0x00000279bf77a7a0 Thread added: 0x00000279bf77a7a0
Event: 3.342 Thread 0x00000279bf77ae30 Thread added: 0x00000279bf77ae30
Event: 3.347 Thread 0x00000279bf77b4c0 Thread added: 0x00000279bf77b4c0
Event: 3.354 Thread 0x00000279bf77bb50 Thread added: 0x00000279bf77bb50
Event: 3.358 Thread 0x00000279bf84ac50 Thread added: 0x00000279bf84ac50
Event: 3.359 Thread 0x00000279bf84b2e0 Thread added: 0x00000279bf84b2e0
Event: 3.656 Thread 0x00000279bf849210 Thread added: 0x00000279bf849210
Event: 3.662 Thread 0x00000279bf8498a0 Thread added: 0x00000279bf8498a0
Event: 3.691 Thread 0x00000279bf849f30 Thread added: 0x00000279bf849f30
Event: 4.465 Thread 0x00000279bf78c0a0 Thread exited: 0x00000279bf78c0a0


Dynamic libraries:
0x00007ff67f600000 - 0x00007ff67f610000 	C:\Program Files\Java\jdk-21\bin\java.exe
0x00007ff985100000 - 0x00007ff985367000 	C:\WINDOWS\SYSTEM32\ntdll.dll
0x00007ff983d30000 - 0x00007ff983df9000 	C:\WINDOWS\System32\KERNEL32.DLL
0x00007ff9828a0000 - 0x00007ff982c91000 	C:\WINDOWS\System32\KERNELBASE.dll
0x00007ff982ca0000 - 0x00007ff982deb000 	C:\WINDOWS\System32\ucrtbase.dll
0x00007ff952a00000 - 0x00007ff952a19000 	C:\Program Files\Java\jdk-21\bin\jli.dll
0x00007ff9581a0000 - 0x00007ff9581bb000 	C:\Program Files\Java\jdk-21\bin\VCRUNTIME140.dll
0x00007ff983ab0000 - 0x00007ff983b6b000 	C:\WINDOWS\System32\ADVAPI32.dll
0x00007ff984e30000 - 0x00007ff984ed9000 	C:\WINDOWS\System32\msvcrt.dll
0x00007ff983f10000 - 0x00007ff983fb7000 	C:\WINDOWS\System32\sechost.dll
0x00007ff983060000 - 0x00007ff983178000 	C:\WINDOWS\System32\RPCRT4.dll
0x00007ff984bc0000 - 0x00007ff984d85000 	C:\WINDOWS\System32\USER32.dll
0x00007ff982630000 - 0x00007ff982657000 	C:\WINDOWS\System32\win32u.dll
0x00007ff9697e0000 - 0x00007ff969a73000 	C:\WINDOWS\WinSxS\amd64_microsoft.windows.common-controls_6595b64144ccf1df_6.0.26100.8037_none_3e092faae333b53b\COMCTL32.dll
0x00007ff983d00000 - 0x00007ff983d2b000 	C:\WINDOWS\System32\GDI32.dll
0x00007ff981b20000 - 0x00007ff981c4b000 	C:\WINDOWS\System32\gdi32full.dll
0x00007ff9819e0000 - 0x00007ff981a83000 	C:\WINDOWS\System32\msvcp_win.dll
0x00007ff975840000 - 0x00007ff97584b000 	C:\WINDOWS\SYSTEM32\VERSION.dll
0x00007ff983ed0000 - 0x00007ff983f01000 	C:\WINDOWS\System32\IMM32.DLL
0x00007ff96b070000 - 0x00007ff96b07c000 	C:\Program Files\Java\jdk-21\bin\vcruntime140_1.dll
0x00007ff9528d0000 - 0x00007ff95295e000 	C:\Program Files\Java\jdk-21\bin\msvcp140.dll
0x00007ff8e24b0000 - 0x00007ff8e31c5000 	C:\Program Files\Java\jdk-21\bin\server\jvm.dll
0x00007ff983e50000 - 0x00007ff983ec4000 	C:\WINDOWS\System32\WS2_32.dll
0x00007ff981840000 - 0x00007ff98189e000 	C:\WINDOWS\SYSTEM32\POWRPROF.dll
0x00007ff978200000 - 0x00007ff978235000 	C:\WINDOWS\SYSTEM32\WINMM.dll
0x00007ff981820000 - 0x00007ff981834000 	C:\WINDOWS\SYSTEM32\UMPDC.dll
0x00007ff980770000 - 0x00007ff98078b000 	C:\WINDOWS\SYSTEM32\kernel.appcore.dll
0x00007ff96ae80000 - 0x00007ff96ae8a000 	C:\Program Files\Java\jdk-21\bin\jimage.dll
0x00007ff97f670000 - 0x00007ff97f8b2000 	C:\WINDOWS\SYSTEM32\DBGHELP.DLL
0x00007ff983470000 - 0x00007ff9837f2000 	C:\WINDOWS\System32\combase.dll
0x00007ff982ea0000 - 0x00007ff982f77000 	C:\WINDOWS\System32\OLEAUT32.dll
0x00007ff968020000 - 0x00007ff96805b000 	C:\WINDOWS\SYSTEM32\dbgcore.DLL
0x00007ff982df0000 - 0x00007ff982e95000 	C:\WINDOWS\System32\bcryptPrimitives.dll
0x00007ff956440000 - 0x00007ff95644f000 	C:\Program Files\Java\jdk-21\bin\instrument.dll
0x00007ff9528b0000 - 0x00007ff9528cf000 	C:\Program Files\Java\jdk-21\bin\java.dll
0x00007ff983fc0000 - 0x00007ff98471f000 	C:\WINDOWS\System32\SHELL32.dll
0x00007ff9824c0000 - 0x00007ff98262a000 	C:\WINDOWS\System32\wintypes.dll
0x00007ff981c50000 - 0x00007ff9824b4000 	C:\WINDOWS\System32\windows.storage.dll
0x00007ff983960000 - 0x00007ff983a57000 	C:\WINDOWS\System32\SHCORE.dll
0x00007ff982f90000 - 0x00007ff982ff7000 	C:\WINDOWS\System32\shlwapi.dll
0x00007ff981900000 - 0x00007ff981929000 	C:\WINDOWS\SYSTEM32\profapi.dll
0x00007ff9527d0000 - 0x00007ff9528a7000 	C:\Program Files\Java\jdk-21\bin\jsvml.dll
0x00007ff952790000 - 0x00007ff9527a8000 	C:\Program Files\Java\jdk-21\bin\zip.dll
0x00007ff9608a0000 - 0x00007ff9608b0000 	C:\Program Files\Java\jdk-21\bin\net.dll
0x00007ff97c630000 - 0x00007ff97c757000 	C:\WINDOWS\SYSTEM32\WINHTTP.dll
0x00007ff980ce0000 - 0x00007ff980d4b000 	C:\WINDOWS\system32\mswsock.dll
0x00007ff9527b0000 - 0x00007ff9527c6000 	C:\Program Files\Java\jdk-21\bin\nio.dll
0x00007ff95e9f0000 - 0x00007ff95ea00000 	C:\Program Files\Java\jdk-21\bin\verify.dll
0x00007ff922ba0000 - 0x00007ff922bc7000 	C:\Users\ADMIN\.gradle\native\1def1411415f61bf3af743bc5b6707747c0891f09f0c88961ee8f79bc544acac\windows-amd64\native-platform.dll
0x00007ff922b20000 - 0x00007ff922b98000 	C:\Users\ADMIN\.gradle\native\0.2.7\x86_64-windows-gnu\gradle-fileevents.dll
0x00007ff958ed0000 - 0x00007ff958eda000 	C:\Program Files\Java\jdk-21\bin\management.dll
0x00007ff958190000 - 0x00007ff95819b000 	C:\Program Files\Java\jdk-21\bin\management_ext.dll
0x00007ff982f80000 - 0x00007ff982f88000 	C:\WINDOWS\System32\PSAPI.DLL
0x00007ff980230000 - 0x00007ff980263000 	C:\WINDOWS\SYSTEM32\IPHLPAPI.DLL
0x00007ff984e20000 - 0x00007ff984e2a000 	C:\WINDOWS\System32\NSI.dll
0x00007ff957190000 - 0x00007ff957197000 	C:\Program Files\Java\jdk-21\bin\extnet.dll
0x00007ff980fc0000 - 0x00007ff980fdb000 	C:\WINDOWS\SYSTEM32\CRYPTSP.dll
0x00007ff9806d0000 - 0x00007ff980709000 	C:\WINDOWS\system32\rsaenh.dll
0x00007ff980d90000 - 0x00007ff980dc2000 	C:\WINDOWS\SYSTEM32\USERENV.dll
0x00007ff9818d0000 - 0x00007ff9818fa000 	C:\WINDOWS\SYSTEM32\bcrypt.dll
0x00007ff980fe0000 - 0x00007ff980fec000 	C:\WINDOWS\SYSTEM32\CRYPTBASE.dll
0x00007ff9563f0000 - 0x00007ff9563fe000 	C:\Program Files\Java\jdk-21\bin\sunmscapi.dll
0x00007ff982660000 - 0x00007ff9827d7000 	C:\WINDOWS\System32\CRYPT32.dll
0x00007ff9811e0000 - 0x00007ff981210000 	C:\WINDOWS\SYSTEM32\ncrypt.dll
0x00007ff981190000 - 0x00007ff9811cf000 	C:\WINDOWS\SYSTEM32\NTASN1.dll
0x00007ff93eb30000 - 0x00007ff93eb38000 	C:\WINDOWS\system32\wshunix.dll

dbghelp: loaded successfully - version: 4.0.5 - missing functions: none
symbol engine: initialized successfully - sym options: 0x614 - pdb path: .;C:\Program Files\Java\jdk-21\bin;C:\WINDOWS\SYSTEM32;C:\WINDOWS\WinSxS\amd64_microsoft.windows.common-controls_6595b64144ccf1df_6.0.26100.8037_none_3e092faae333b53b;C:\Program Files\Java\jdk-21\bin\server;C:\Users\ADMIN\.gradle\native\1def1411415f61bf3af743bc5b6707747c0891f09f0c88961ee8f79bc544acac\windows-amd64;C:\Users\ADMIN\.gradle\native\0.2.7\x86_64-windows-gnu

VM Arguments:
jvm_args: --add-opens=java.base/java.lang=ALL-UNNAMED --add-opens=java.base/java.lang.invoke=ALL-UNNAMED --add-opens=java.base/java.util=ALL-UNNAMED --add-opens=java.prefs/java.util.prefs=ALL-UNNAMED --add-exports=jdk.compiler/com.sun.tools.javac.api=ALL-UNNAMED --add-exports=jdk.compiler/com.sun.tools.javac.util=ALL-UNNAMED --add-opens=java.base/java.util=ALL-UNNAMED --add-opens=java.prefs/java.util.prefs=ALL-UNNAMED --add-opens=java.base/java.nio.charset=ALL-UNNAMED --add-opens=java.base/java.net=ALL-UNNAMED --add-opens=java.base/java.util.concurrent.atomic=ALL-UNNAMED --add-opens=java.xml/javax.xml.namespace=ALL-UNNAMED -XX:MaxMetaspaceSize=1024m -Xmx4096m -Dfile.encoding=UTF-8 -Duser.country=US -Duser.language=en -Duser.variant -javaagent:C:\Users\ADMIN\.gradle\wrapper\dists\gradle-8.13-bin\5xuhj0ry160q40clulazy9h7d\gradle-8.13\lib\agents\gradle-instrumentation-agent-8.13.jar 
java_command: org.gradle.launcher.daemon.bootstrap.GradleDaemon 8.13
java_class_path (initial): C:\Users\ADMIN\.gradle\wrapper\dists\gradle-8.13-bin\5xuhj0ry160q40clulazy9h7d\gradle-8.13\lib\gradle-daemon-main-8.13.jar
Launcher Type: SUN_STANDARD

[Global flags]
     intx CICompilerCount                          = 12                                        {product} {ergonomic}
   size_t CompressedClassSpaceSize                 = 872415232                                 {product} {ergonomic}
     uint ConcGCThreads                            = 3                                         {product} {ergonomic}
     uint G1ConcRefinementThreads                  = 13                                        {product} {ergonomic}
   size_t G1HeapRegionSize                         = 2097152                                   {product} {ergonomic}
    uintx GCDrainStackTargetSize                   = 64                                        {product} {ergonomic}
   size_t InitialHeapSize                          = 264241152                                 {product} {ergonomic}
   size_t MarkStackSize                            = 4194304                                   {product} {ergonomic}
   size_t MaxHeapSize                              = 4294967296                                {product} {command line}
   size_t MaxMetaspaceSize                         = 1073741824                                {product} {command line}
   size_t MaxNewSize                               = 2575302656                                {product} {ergonomic}
   size_t MinHeapDeltaBytes                        = 2097152                                   {product} {ergonomic}
   size_t MinHeapSize                              = 8388608                                   {product} {ergonomic}
    uintx NonNMethodCodeHeapSize                   = 7602480                                {pd product} {ergonomic}
    uintx NonProfiledCodeHeapSize                  = 122027880                              {pd product} {ergonomic}
    uintx ProfiledCodeHeapSize                     = 122027880                              {pd product} {ergonomic}
    uintx ReservedCodeCacheSize                    = 251658240                              {pd product} {ergonomic}
     bool SegmentedCodeCache                       = true                                      {product} {ergonomic}
   size_t SoftMaxHeapSize                          = 4294967296                             {manageable} {ergonomic}
     bool UseCompressedOops                        = true                           {product lp64_product} {ergonomic}
     bool UseG1GC                                  = true                                      {product} {ergonomic}
     bool UseLargePagesIndividualAllocation        = false                                  {pd product} {ergonomic}

Logging:
Log output configuration:
 #0: stdout all=warning uptime,level,tags foldmultilines=false
 #1: stderr all=off uptime,level,tags foldmultilines=false

Environment Variables:
JAVA_HOME=C:\Program Files\Java\jdk-21
PATH=D:\VMWare\bin\;D:\Python\Scripts\;D:\Python\;C:\Program Files\Common Files\Oracle\Java\javapath;C:\Program Files (x86)\Common Files\Oracle\Java\javapath;C:\WINDOWS\system32;C:\WINDOWS;C:\WINDOWS\System32\Wbem;C:\WINDOWS\System32\WindowsPowerShell\v1.0\;C:\WINDOWS\System32\OpenSSH\;C:\Program Files (x86)\Microsoft SQL Server\160\Tools\Binn\;C:\Program Files\Microsoft SQL Server\160\Tools\Binn\;C:\Program Files\Microsoft SQL Server\Client SDK\ODBC\170\Tools\Binn\;C:\Program Files\Microsoft SQL Server\160\DTS\Binn\;C:\Program Files (x86)\Microsoft SQL Server\160\DTS\Binn\;C:\Program Files\Azure Data Studio\bin;C:\Program Files\Git\cmd;C:\xampp\php;C:\ProgramData\ComposerSetup\bin;C:\Users\ADMIN\apache-maven-3.9.9\bin;C:\scrcpy-win64-v3.2;C:\Program Files\Java\jdk-17\bin\;C:\Program Files\Zulu\zulu-21\bin\;C:\Users\ADMIN\Downloads\ffmpeg-8.0-essentials_build\ffmpeg-8.0-essentials_build\bin;C:\Program Files\Microsoft SQL Server\170\Tools\Binn\;C:\Program Files\Microsoft SQL Server\130\DTS\Binn\;C:\Program Files\Microsoft SQL Server\140\DTS\Binn\;C:\Program Files\Microsoft SQL Server\150\DTS\Binn\;C:\Program Files\Microsoft SQL Server\170\DTS\Binn\;C:\Users\ADMIN\AppData\Local\Microsoft\WindowsApps;C:\Program Files\Azure Data Studio\bin;C:\Users\ADMIN\AppData\Roaming\Composer\vendor\bin;C:\Program Files\JetBrains\IntelliJ IDEA 2024.3.1.1\bin;;C:\Program Files\JetBrains\IntelliJ IDEA Community Edition 2024.3.1.1\bin;;C:\Users\ADMIN\Downloads\platform-tools;C:\Users\ADMIN\AppData\Local\Programs\Microsoft VS Code\bin;C:\Users\ADMIN\Downloads\ffmpeg-8.0-essentials_build\ffmpeg-8.0-essentials_build\bin;C:\Users\ADMIN\AppData\Local\Programs\Antigravity\bin
USERNAME=ADMIN
OS=Windows_NT
PROCESSOR_IDENTIFIER=Intel64 Family 6 Model 186 Stepping 2, GenuineIntel
TMP=C:\Users\ADMIN\AppData\Local\Temp
TEMP=C:\Users\ADMIN\AppData\Local\Temp




Periodic native trim disabled

---------------  S Y S T E M  ---------------

OS:
 Windows 11 , 64 bit Build 26100 (10.0.26100.7920)
OS uptime: 0 days 4:08 hours

CPU: total 16 (initial active 16) (8 cores per cpu, 2 threads per core) family 6 model 186 stepping 2 microcode 0x410e, cx8, cmov, fxsr, ht, mmx, 3dnowpref, sse, sse2, sse3, ssse3, sse4.1, sse4.2, popcnt, lzcnt, tsc, tscinvbit, avx, avx2, aes, erms, clmul, bmi1, bmi2, adx, sha, fma, vzeroupper, clflush, clflushopt, clwb, serialize, rdtscp, rdpid, fsrm, f16c, pku, cet_ibt, cet_ss
Processor Information for processor 0
  Max Mhz: 2600, Current Mhz: 2600, Mhz Limit: 2600
Processor Information for processor 1
  Max Mhz: 2600, Current Mhz: 2600, Mhz Limit: 2600
Processor Information for processor 2
  Max Mhz: 2600, Current Mhz: 2600, Mhz Limit: 2600
Processor Information for processor 3
  Max Mhz: 2600, Current Mhz: 2600, Mhz Limit: 2600
Processor Information for processor 4
  Max Mhz: 2600, Current Mhz: 2600, Mhz Limit: 2600
Processor Information for processor 5
  Max Mhz: 2600, Current Mhz: 2600, Mhz Limit: 2600
Processor Information for processor 6
  Max Mhz: 2600, Current Mhz: 2600, Mhz Limit: 2600
Processor Information for processor 7
  Max Mhz: 2600, Current Mhz: 2600, Mhz Limit: 2600
Processor Information for processor 8
  Max Mhz: 2600, Current Mhz: 1900, Mhz Limit: 1898
Processor Information for processor 9
  Max Mhz: 2600, Current Mhz: 1900, Mhz Limit: 1898
Processor Information for processor 10
  Max Mhz: 2600, Current Mhz: 1500, Mhz Limit: 1898
Processor Information for processor 11
  Max Mhz: 2600, Current Mhz: 1900, Mhz Limit: 1898
Processor Information for processor 12
  Max Mhz: 2600, Current Mhz: 1900, Mhz Limit: 1898
Processor Information for processor 13
  Max Mhz: 2600, Current Mhz: 1900, Mhz Limit: 1898
Processor Information for processor 14
  Max Mhz: 2600, Current Mhz: 1900, Mhz Limit: 1898
Processor Information for processor 15
  Max Mhz: 2600, Current Mhz: 1900, Mhz Limit: 1898

Memory: 4k page, system-wide physical 16008M (1642M free)
TotalPageFile size 20104M (AvailPageFile size 7M)
current process WorkingSet (physical memory assigned to process): 209M, peak: 212M
current process commit charge ("private bytes"): 417M, peak: 420M

vm_info: Java HotSpot(TM) 64-Bit Server VM (21.0.1+12-LTS-29) for windows-amd64 JRE (21.0.1+12-LTS-29), built on 2023-10-05T13:27:09Z by "mach5one" with MS VC++ 17.1 (VS2022)

END.
